
> frontend@0.0.0 build
> vite build

vite v5.4.21 building for production...
transforming...
✓ 1722 modules transformed.
rendering chunks...
computing gzip size...
dist/index.html                                                0.59 kB │ gzip:   0.36 kB
dist/assets/index-BZO7aEb_.css                               182.36 kB │ gzip:  31.30 kB
dist/assets/array-BKyUJesY.js                                  0.09 kB │ gzip:   0.10 kB
dist/assets/clone-BfYCadCj.js                                  0.09 kB │ gzip:   0.11 kB
dist/assets/channel-DPijjxAc.js                                0.11 kB │ gzip:   0.12 kB
dist/assets/init-Gi6I4Gst.js                                   0.15 kB │ gzip:   0.13 kB
dist/assets/Tableau10-B-NsZVaP.js                              0.19 kB │ gzip:   0.18 kB
dist/assets/flowDiagram-v2-4f6560a1-CGpofY1K.js                0.74 kB │ gzip:   0.43 kB
dist/assets/line-ObP8uqJf.js                                   0.95 kB │ gzip:   0.47 kB
dist/assets/ordinal-Cboi1Yqb.js                                1.19 kB │ gzip:   0.57 kB
dist/assets/svgDrawCommon-b86b1483-CvZQQZkI.js                 1.34 kB │ gzip:   0.58 kB
dist/assets/path-CbwjOpE9.js                                   2.28 kB │ gzip:   0.99 kB
dist/assets/arc-C5R2Hg5Q.js                                    3.46 kB │ gzip:   1.49 kB
dist/assets/stateDiagram-v2-c2b004d7-DzEIh7p-.js               4.86 kB │ gzip:   2.32 kB
dist/assets/classDiagram-v2-2358418a-DmsqXHMx.js               5.00 kB │ gzip:   2.22 kB
dist/assets/infoDiagram-8eee0895-nuEXSeLx.js                   8.59 kB │ gzip:   3.23 kB
dist/assets/classDiagram-beda092f-DLhA58XB.js                  9.24 kB │ gzip:   2.87 kB
dist/assets/styles-d45a18b0-Bqogn3i7.js                       10.06 kB │ gzip:   3.69 kB
dist/assets/stateDiagram-1ecb1508-CJbzbxbU.js                 10.13 kB │ gzip:   3.51 kB
dist/assets/linear-DuTTGFSu.js                                10.31 kB │ gzip:   4.30 kB
dist/assets/index-5325376f-JBPWS3WG.js                        11.99 kB │ gzip:   4.13 kB
dist/assets/pieDiagram-a8764435-BkerWFkQ.js                   15.00 kB │ gzip:   5.62 kB
dist/assets/graph-BEbKayvQ.js                                 17.62 kB │ gzip:   6.27 kB
dist/assets/sankeyDiagram-a04cb91d-CUydXbAH.js                21.22 kB │ gzip:   7.71 kB
dist/assets/journeyDiagram-c64418c1-DSaIiaFL.js               21.67 kB │ gzip:   7.63 kB
dist/assets/flowDiagram-50d868cf-EcT0iXKn.js                  22.10 kB │ gzip:   7.16 kB
dist/assets/timeline-definition-faaaa080-DUhktqlA.js          22.63 kB │ gzip:   7.90 kB
dist/assets/requirementDiagram-08caed73-BMVjx5FW.js           24.62 kB │ gzip:   8.45 kB
dist/assets/styles-ca3715f6-BYqgdWr3.js                       26.43 kB │ gzip:   8.45 kB
dist/assets/quadrantDiagram-1e28029f-DpJc0y7H.js              29.41 kB │ gzip:   8.32 kB
dist/assets/layout-16eZjS-t.js                                29.64 kB │ gzip:  10.60 kB
dist/assets/erDiagram-0228fc6a-IlX1l180.js                    30.81 kB │ gzip:   9.99 kB
dist/assets/edges-96097737-DfPi7h5W.js                        34.39 kB │ gzip:   8.92 kB
dist/assets/xychartDiagram-f5964ef8-D5byMiAy.js               37.26 kB │ gzip:  10.41 kB
dist/assets/blockDiagram-c4efeb88-Be4mYiHX.js                 37.72 kB │ gzip:  11.96 kB
dist/assets/styles-b4e223ce-DGf-uhpI.js                       37.86 kB │ gzip:  12.58 kB
dist/assets/gitGraphDiagram-82fe8481-DUxKTkmY.js              38.74 kB │ gzip:  11.57 kB
dist/assets/flowDb-c6c81e3f-BMdF03Ou.js                       46.77 kB │ gzip:  15.28 kB
dist/assets/ganttDiagram-a2739b55-B5baMlCL.js                 60.14 kB │ gzip:  20.41 kB
dist/assets/createText-1719965b-rddhY7AE.js                   60.22 kB │ gzip:  17.89 kB
dist/assets/c4Diagram-c83219d4-DKZ9KR76.js                    68.41 kB │ gzip:  19.16 kB
dist/assets/sequenceDiagram-c5b8d532-f1eYOV77.js              84.11 kB │ gzip:  24.20 kB
dist/assets/katex-CBSAILhF.js                                262.60 kB │ gzip:  77.51 kB
dist/assets/mindmap-definition-8da855dc-Bt6WKFd-.js          542.40 kB │ gzip: 169.81 kB
dist/assets/index-Dj542UI7.js                                801.50 kB │ gzip: 236.74 kB
dist/assets/flowchart-elk-definition-6af322e1-DnE6-shA.js  1,448.43 kB │ gzip: 444.11 kB
✓ built in 19.82s
